[0m[38;2;0;255;0;1m[ 50%]:[0m compiling.release src\main.cpp[0m
[0m[38;2;0;255;0;1m[ 75%]:[0m [38;2;255;0;255;1mlinking.release poly.dll[0m
[0m[1;38;2;255;0;0;1merror: [0mmain.cpp.obj : error LNK2019: unresolved external symbol __imp_OpenClipboard referenced in function "void __cdecl Bridge::HookedDebugLog(struct UnityResolve::UnityType::String *)" (?HookedDebugLog@Bridge@@YAXPEAUString@UnityType@UnityResolve@@@Z)
main.cpp.obj : error LNK2019: unresolved external symbol __imp_CloseClipboard referenced in function "void __cdecl Bridge::HookedDebugLog(struct UnityResolve::UnityType::String *)" (?HookedDebugLog@Bridge@@YAXPEAUString@UnityType@UnityResolve@@@Z)
main.cpp.obj : error LNK2019: unresolved external symbol __imp_SetClipboardData referenced in function "void __cdecl Bridge::HookedDebugLog(struct UnityResolve::UnityType::String *)" (?HookedDebugLog@Bridge@@YAXPEAUString@UnityType@UnityResolve@@@Z)
main.cpp.obj : error LNK2019: unresolved external symbol __imp_EmptyClipboard referenced in function "void __cdecl Bridge::HookedDebugLog(struct UnityResolve::UnityType::String *)" (?HookedDebugLog@Bridge@@YAXPEAUString@UnityType@UnityResolve@@@Z)
build\windows\x64\release\poly.dll : fatal error LNK1120: 4 unresolved externals
[0m
